2024-07-11T09:35:25.411Z | undefined | user not found
		Error: user not found
    at authenticate (D:\LiveProjects\DENSO-BM\denso_pm_bm\server\middleware\authenticate.js:20:13)
    at process.processTicksAndRejections (node:internal/process/task_queues:95:5)
2024-07-11T09:35:25.436Z | undefined | user not found
		Error: user not found
    at authenticate (D:\LiveProjects\DENSO-BM\denso_pm_bm\server\middleware\authenticate.js:20:13)
    at process.processTicksAndRejections (node:internal/process/task_queues:95:5)
2024-07-11T09:35:25.764Z | undefined | user not found
		Error: user not found
    at authenticate (D:\LiveProjects\DENSO-BM\denso_pm_bm\server\middleware\authenticate.js:20:13)
    at process.processTicksAndRejections (node:internal/process/task_queues:95:5)
2024-07-11T09:35:25.769Z | undefined | user not found
		Error: user not found
    at authenticate (D:\LiveProjects\DENSO-BM\denso_pm_bm\server\middleware\authenticate.js:20:13)
    at process.processTicksAndRejections (node:internal/process/task_queues:95:5)
2024-07-11T09:56:24.807Z | undefined | Only .png, .jpg and .jpeg format allowed!
		Error: Only .png, .jpg and .jpeg format allowed!
    at fileFilter (D:\LiveProjects\DENSO-BM\denso_pm_bm\server\controller\auth.js:72:18)
    at wrappedFileFilter (D:\LiveProjects\DENSO-BM\denso_pm_bm\server\node_modules\multer\index.js:44:7)
    at Multipart.<anonymous> (D:\LiveProjects\DENSO-BM\denso_pm_bm\server\node_modules\multer\lib\make-middleware.js:107:7)
    at Multipart.emit (node:events:519:28)
    at HeaderParser.cb (D:\LiveProjects\DENSO-BM\denso_pm_bm\server\node_modules\busboy\lib\types\multipart.js:358:14)
    at HeaderParser.push (D:\LiveProjects\DENSO-BM\denso_pm_bm\server\node_modules\busboy\lib\types\multipart.js:162:20)
    at SBMH.ssCb [as _cb] (D:\LiveProjects\DENSO-BM\denso_pm_bm\server\node_modules\busboy\lib\types\multipart.js:394:37)
    at feed (D:\LiveProjects\DENSO-BM\denso_pm_bm\server\node_modules\streamsearch\lib\sbmh.js:248:10)
    at SBMH.push (D:\LiveProjects\DENSO-BM\denso_pm_bm\server\node_modules\streamsearch\lib\sbmh.js:104:16)
    at Multipart._write (D:\LiveProjects\DENSO-BM\denso_pm_bm\server\node_modules\busboy\lib\types\multipart.js:567:19)
2024-07-11T09:57:34.299Z | PM | Only .png, .jpg and .jpeg format allowed!
		Error: Only .png, .jpg and .jpeg format allowed!
    at fileFilter (D:\LiveProjects\DENSO-BM\denso_pm_bm\server\controller\auth.js:72:18)
    at wrappedFileFilter (D:\LiveProjects\DENSO-BM\denso_pm_bm\server\node_modules\multer\index.js:44:7)
    at Multipart.<anonymous> (D:\LiveProjects\DENSO-BM\denso_pm_bm\server\node_modules\multer\lib\make-middleware.js:107:7)
    at Multipart.emit (node:events:519:28)
    at HeaderParser.cb (D:\LiveProjects\DENSO-BM\denso_pm_bm\server\node_modules\busboy\lib\types\multipart.js:358:14)
    at HeaderParser.push (D:\LiveProjects\DENSO-BM\denso_pm_bm\server\node_modules\busboy\lib\types\multipart.js:162:20)
    at SBMH.ssCb [as _cb] (D:\LiveProjects\DENSO-BM\denso_pm_bm\server\node_modules\busboy\lib\types\multipart.js:394:37)
    at feed (D:\LiveProjects\DENSO-BM\denso_pm_bm\server\node_modules\streamsearch\lib\sbmh.js:219:14)
    at SBMH.push (D:\LiveProjects\DENSO-BM\denso_pm_bm\server\node_modules\streamsearch\lib\sbmh.js:104:16)
    at Multipart._write (D:\LiveProjects\DENSO-BM\denso_pm_bm\server\node_modules\busboy\lib\types\multipart.js:567:19)
2024-07-11T15:31 | PM | Only .png, .jpg and .jpeg format allowed!
		Error: Only .png, .jpg and .jpeg format allowed!
    at fileFilter (D:\LiveProjects\DENSO-BM\denso_pm_bm\server\controller\auth.js:72:18)
    at wrappedFileFilter (D:\LiveProjects\DENSO-BM\denso_pm_bm\server\node_modules\multer\index.js:44:7)
    at Multipart.<anonymous> (D:\LiveProjects\DENSO-BM\denso_pm_bm\server\node_modules\multer\lib\make-middleware.js:107:7)
    at Multipart.emit (node:events:519:28)
    at HeaderParser.cb (D:\LiveProjects\DENSO-BM\denso_pm_bm\server\node_modules\busboy\lib\types\multipart.js:358:14)
    at HeaderParser.push (D:\LiveProjects\DENSO-BM\denso_pm_bm\server\node_modules\busboy\lib\types\multipart.js:162:20)
    at SBMH.ssCb [as _cb] (D:\LiveProjects\DENSO-BM\denso_pm_bm\server\node_modules\busboy\lib\types\multipart.js:394:37)
    at feed (D:\LiveProjects\DENSO-BM\denso_pm_bm\server\node_modules\streamsearch\lib\sbmh.js:219:14)
    at SBMH.push (D:\LiveProjects\DENSO-BM\denso_pm_bm\server\node_modules\streamsearch\lib\sbmh.js:104:16)
    at Multipart._write (D:\LiveProjects\DENSO-BM\denso_pm_bm\server\node_modules\busboy\lib\types\multipart.js:567:19)
2024-08-23T14:31 | BM | ObjectId is not defined
		ReferenceError: ObjectId is not defined
    at D:\Devansh\Live Projects\Denso_PM_BM\denso_pm_bm\server\controller\bmController.js:17758:31
    at process.processTicksAndRejections (node:internal/process/task_queues:95:5)
2024-08-23T14:43 | BM | PlanExecutor error during aggregation :: caused by :: $trunc only supports numeric types, not array
		MongoServerError: PlanExecutor error during aggregation :: caused by :: $trunc only supports numeric types, not array
    at Connection.onMessage (D:\Devansh\Live Projects\Denso_PM_BM\denso_pm_bm\server\node_modules\mongodb\lib\cmap\connection.js:230:30)
    at MessageStream.<anonymous> (D:\Devansh\Live Projects\Denso_PM_BM\denso_pm_bm\server\node_modules\mongodb\lib\cmap\connection.js:61:60)
    at MessageStream.emit (node:events:519:28)
    at processIncomingData (D:\Devansh\Live Projects\Denso_PM_BM\denso_pm_bm\server\node_modules\mongodb\lib\cmap\message_stream.js:125:16)
    at MessageStream._write (D:\Devansh\Live Projects\Denso_PM_BM\denso_pm_bm\server\node_modules\mongodb\lib\cmap\message_stream.js:33:9)
    at writeOrBuffer (node:internal/streams/writable:564:12)
    at _write (node:internal/streams/writable:493:10)
    at Writable.write (node:internal/streams/writable:502:10)
    at Socket.ondata (node:internal/streams/readable:1007:22)
    at Socket.emit (node:events:519:28)
2024-08-23T14:54 | BM | ObjectId is not defined
		ReferenceError: ObjectId is not defined
    at D:\Devansh\Live Projects\Denso_PM_BM\denso_pm_bm\server\controller\bmController.js:17758:31
    at process.processTicksAndRejections (node:internal/process/task_queues:95:5)
2024-08-26T12:37 | BM | Aggregate has empty pipeline
		Error: Aggregate has empty pipeline
    at D:\Devansh\Live Projects\Denso_PM_BM\denso_pm_bm\server\node_modules\mongoose\lib\aggregate.js:1041:19
    at D:\Devansh\Live Projects\Denso_PM_BM\denso_pm_bm\server\node_modules\kareem\index.js:51:7
    at process.processTicksAndRejections (node:internal/process/task_queues:77:11)
2024-08-26T12:37 | BM | Aggregate has empty pipeline
		Error: Aggregate has empty pipeline
    at D:\Devansh\Live Projects\Denso_PM_BM\denso_pm_bm\server\node_modules\mongoose\lib\aggregate.js:1041:19
    at D:\Devansh\Live Projects\Denso_PM_BM\denso_pm_bm\server\node_modules\kareem\index.js:51:7
    at process.processTicksAndRejections (node:internal/process/task_queues:77:11)
2024-08-27T10:46 | undefined | Cast to ObjectId failed for value ""6322e5b1fdb4a3119153b9d9"" (type string) at path "majorBDTime.subSectionRef" because of "BSONTypeError"
		CastError: Cast to ObjectId failed for value ""6322e5b1fdb4a3119153b9d9"" (type string) at path "majorBDTime.subSectionRef" because of "BSONTypeError"
    at model.Query.exec (D:\Devansh\Live Projects\Denso_PM_BM\denso_pm_bm\server\node_modules\mongoose\lib\query.js:4913:21)
    at Query.then (D:\Devansh\Live Projects\Denso_PM_BM\denso_pm_bm\server\node_modules\mongoose\lib\query.js:5012:15)
    at process.processTicksAndRejections (node:internal/process/task_queues:95:5)
2024-08-27T11:38 | undefined | Cast to ObjectId failed for value "" (type string) at path "majorBDTime.subSectionRef" because of "BSONTypeError"
		CastError: Cast to ObjectId failed for value "" (type string) at path "majorBDTime.subSectionRef" because of "BSONTypeError"
    at model.Query.exec (D:\Devansh\Live Projects\Denso_PM_BM\denso_pm_bm\server\node_modules\mongoose\lib\query.js:4913:21)
    at Query.then (D:\Devansh\Live Projects\Denso_PM_BM\denso_pm_bm\server\node_modules\mongoose\lib\query.js:5012:15)
    at process.processTicksAndRejections (node:internal/process/task_queues:95:5)
2024-08-27T11:48 | undefined | Cast to ObjectId failed for value "" (type string) at path "majorBDTime.subSectionRef" because of "BSONTypeError"
		CastError: Cast to ObjectId failed for value "" (type string) at path "majorBDTime.subSectionRef" because of "BSONTypeError"
    at model.Query.exec (D:\Devansh\Live Projects\Denso_PM_BM\denso_pm_bm\server\node_modules\mongoose\lib\query.js:4913:21)
    at Query.then (D:\Devansh\Live Projects\Denso_PM_BM\denso_pm_bm\server\node_modules\mongoose\lib\query.js:5012:15)
    at process.processTicksAndRejections (node:internal/process/task_queues:95:5)
2024-08-27T11:50 | undefined | Cast to ObjectId failed for value "" (type string) at path "majorBDTime.subSectionRef" because of "BSONTypeError"
		CastError: Cast to ObjectId failed for value "" (type string) at path "majorBDTime.subSectionRef" because of "BSONTypeError"
    at model.Query.exec (D:\Devansh\Live Projects\Denso_PM_BM\denso_pm_bm\server\node_modules\mongoose\lib\query.js:4913:21)
    at Query.then (D:\Devansh\Live Projects\Denso_PM_BM\denso_pm_bm\server\node_modules\mongoose\lib\query.js:5012:15)
    at process.processTicksAndRejections (node:internal/process/task_queues:95:5)
2024-08-27T12:42 | undefined | FieldPath field names may not start with '$'. Consider using $getField or $setField.
		MongoServerError: FieldPath field names may not start with '$'. Consider using $getField or $setField.
    at Connection.onMessage (D:\Devansh\Live Projects\Denso_PM_BM\denso_pm_bm\server\node_modules\mongodb\lib\cmap\connection.js:230:30)
    at MessageStream.<anonymous> (D:\Devansh\Live Projects\Denso_PM_BM\denso_pm_bm\server\node_modules\mongodb\lib\cmap\connection.js:61:60)
    at MessageStream.emit (node:events:519:28)
    at processIncomingData (D:\Devansh\Live Projects\Denso_PM_BM\denso_pm_bm\server\node_modules\mongodb\lib\cmap\message_stream.js:125:16)
    at MessageStream._write (D:\Devansh\Live Projects\Denso_PM_BM\denso_pm_bm\server\node_modules\mongodb\lib\cmap\message_stream.js:33:9)
    at writeOrBuffer (node:internal/streams/writable:564:12)
    at _write (node:internal/streams/writable:493:10)
    at Writable.write (node:internal/streams/writable:502:10)
    at Socket.ondata (node:internal/streams/readable:1007:22)
    at Socket.emit (node:events:519:28)
2024-08-27T13:13 | undefined | Cast to ObjectId failed for value "undefined" (type string) at path "_id" for model "SubSections"
		CastError: Cast to ObjectId failed for value "undefined" (type string) at path "_id" for model "SubSections"
    at model.Query.exec (D:\Devansh\Live Projects\Denso_PM_BM\denso_pm_bm\server\node_modules\mongoose\lib\query.js:4913:21)
    at Query.then (D:\Devansh\Live Projects\Denso_PM_BM\denso_pm_bm\server\node_modules\mongoose\lib\query.js:5012:15)
    at process.processTicksAndRejections (node:internal/process/task_queues:95:5)
2024-08-27T13:14 | undefined | Cast to ObjectId failed for value "undefined" (type string) at path "_id" for model "SubSections"
		CastError: Cast to ObjectId failed for value "undefined" (type string) at path "_id" for model "SubSections"
    at model.Query.exec (D:\Devansh\Live Projects\Denso_PM_BM\denso_pm_bm\server\node_modules\mongoose\lib\query.js:4913:21)
    at Query.then (D:\Devansh\Live Projects\Denso_PM_BM\denso_pm_bm\server\node_modules\mongoose\lib\query.js:5012:15)
    at process.processTicksAndRejections (node:internal/process/task_queues:95:5)
2024-08-27T13:14 | undefined | Cast to ObjectId failed for value "undefined" (type string) at path "_id" for model "SubSections"
		CastError: Cast to ObjectId failed for value "undefined" (type string) at path "_id" for model "SubSections"
    at model.Query.exec (D:\Devansh\Live Projects\Denso_PM_BM\denso_pm_bm\server\node_modules\mongoose\lib\query.js:4913:21)
    at Query.then (D:\Devansh\Live Projects\Denso_PM_BM\denso_pm_bm\server\node_modules\mongoose\lib\query.js:5012:15)
    at process.processTicksAndRejections (node:internal/process/task_queues:95:5)
2024-08-27T13:14 | undefined | Cast to ObjectId failed for value "undefined" (type string) at path "_id" for model "SubSections"
		CastError: Cast to ObjectId failed for value "undefined" (type string) at path "_id" for model "SubSections"
    at model.Query.exec (D:\Devansh\Live Projects\Denso_PM_BM\denso_pm_bm\server\node_modules\mongoose\lib\query.js:4913:21)
    at Query.then (D:\Devansh\Live Projects\Denso_PM_BM\denso_pm_bm\server\node_modules\mongoose\lib\query.js:5012:15)
    at process.processTicksAndRejections (node:internal/process/task_queues:95:5)
2024-08-27T13:15 | undefined | Cast to ObjectId failed for value "undefined" (type string) at path "_id" for model "SubSections"
		CastError: Cast to ObjectId failed for value "undefined" (type string) at path "_id" for model "SubSections"
    at model.Query.exec (D:\Devansh\Live Projects\Denso_PM_BM\denso_pm_bm\server\node_modules\mongoose\lib\query.js:4913:21)
    at Query.then (D:\Devansh\Live Projects\Denso_PM_BM\denso_pm_bm\server\node_modules\mongoose\lib\query.js:5012:15)
    at process.processTicksAndRejections (node:internal/process/task_queues:95:5)
2024-08-27T13:15 | undefined | Cast to ObjectId failed for value "undefined" (type string) at path "_id" for model "SubSections"
		CastError: Cast to ObjectId failed for value "undefined" (type string) at path "_id" for model "SubSections"
    at model.Query.exec (D:\Devansh\Live Projects\Denso_PM_BM\denso_pm_bm\server\node_modules\mongoose\lib\query.js:4913:21)
    at Query.then (D:\Devansh\Live Projects\Denso_PM_BM\denso_pm_bm\server\node_modules\mongoose\lib\query.js:5012:15)
    at process.processTicksAndRejections (node:internal/process/task_queues:95:5)
2024-08-27T14:20 | undefined | Cast to ObjectId failed for value "" (type string) at path "_id" for model "Sections"
		CastError: Cast to ObjectId failed for value "" (type string) at path "_id" for model "Sections"
    at model.Query.exec (D:\Devansh\Live Projects\Denso_PM_BM\denso_pm_bm\server\node_modules\mongoose\lib\query.js:4913:21)
    at Query.then (D:\Devansh\Live Projects\Denso_PM_BM\denso_pm_bm\server\node_modules\mongoose\lib\query.js:5012:15)
    at process.processTicksAndRejections (node:internal/process/task_queues:95:5)
2024-08-27T14:22 | undefined | Cast to ObjectId failed for value "" (type string) at path "_id" for model "Sections"
		CastError: Cast to ObjectId failed for value "" (type string) at path "_id" for model "Sections"
    at model.Query.exec (D:\Devansh\Live Projects\Denso_PM_BM\denso_pm_bm\server\node_modules\mongoose\lib\query.js:4913:21)
    at Query.then (D:\Devansh\Live Projects\Denso_PM_BM\denso_pm_bm\server\node_modules\mongoose\lib\query.js:5012:15)
    at process.processTicksAndRejections (node:internal/process/task_queues:95:5)
2024-08-27T14:23 | undefined | Cast to ObjectId failed for value "" (type string) at path "_id" for model "Sections"
		CastError: Cast to ObjectId failed for value "" (type string) at path "_id" for model "Sections"
    at model.Query.exec (D:\Devansh\Live Projects\Denso_PM_BM\denso_pm_bm\server\node_modules\mongoose\lib\query.js:4913:21)
    at Query.then (D:\Devansh\Live Projects\Denso_PM_BM\denso_pm_bm\server\node_modules\mongoose\lib\query.js:5012:15)
    at processTicksAndRejections (node:internal/process/task_queues:95:5)
    at runNextTicks (node:internal/process/task_queues:64:3)
    at process.processImmediate (node:internal/timers:449:9)
2024-08-27T14:24 | undefined | Cast to ObjectId failed for value "" (type string) at path "_id" for model "Sections"
		CastError: Cast to ObjectId failed for value "" (type string) at path "_id" for model "Sections"
    at model.Query.exec (D:\Devansh\Live Projects\Denso_PM_BM\denso_pm_bm\server\node_modules\mongoose\lib\query.js:4913:21)
    at Query.then (D:\Devansh\Live Projects\Denso_PM_BM\denso_pm_bm\server\node_modules\mongoose\lib\query.js:5012:15)
    at processTicksAndRejections (node:internal/process/task_queues:95:5)
    at runNextTicks (node:internal/process/task_queues:64:3)
    at process.processImmediate (node:internal/timers:449:9)
2024-08-27T14:25 | undefined | Cast to ObjectId failed for value "" (type string) at path "_id" for model "Sections"
		CastError: Cast to ObjectId failed for value "" (type string) at path "_id" for model "Sections"
    at model.Query.exec (D:\Devansh\Live Projects\Denso_PM_BM\denso_pm_bm\server\node_modules\mongoose\lib\query.js:4913:21)
    at Query.then (D:\Devansh\Live Projects\Denso_PM_BM\denso_pm_bm\server\node_modules\mongoose\lib\query.js:5012:15)
    at processTicksAndRejections (node:internal/process/task_queues:95:5)
    at runNextTicks (node:internal/process/task_queues:64:3)
    at process.processImmediate (node:internal/timers:449:9)
2024-08-27T14:26 | undefined | Cast to ObjectId failed for value "" (type string) at path "_id" for model "Sections"
		CastError: Cast to ObjectId failed for value "" (type string) at path "_id" for model "Sections"
    at model.Query.exec (D:\Devansh\Live Projects\Denso_PM_BM\denso_pm_bm\server\node_modules\mongoose\lib\query.js:4913:21)
    at Query.then (D:\Devansh\Live Projects\Denso_PM_BM\denso_pm_bm\server\node_modules\mongoose\lib\query.js:5012:15)
    at processTicksAndRejections (node:internal/process/task_queues:95:5)
    at runNextTicks (node:internal/process/task_queues:64:3)
    at process.processImmediate (node:internal/timers:449:9)
2024-08-27T15:19 | undefined | Cast to ObjectId failed for value "" (type string) at path "_id" for model "Sections"
		CastError: Cast to ObjectId failed for value "" (type string) at path "_id" for model "Sections"
    at model.Query.exec (D:\Devansh\Live Projects\Denso_PM_BM\denso_pm_bm\server\node_modules\mongoose\lib\query.js:4913:21)
    at Query.then (D:\Devansh\Live Projects\Denso_PM_BM\denso_pm_bm\server\node_modules\mongoose\lib\query.js:5012:15)
    at processTicksAndRejections (node:internal/process/task_queues:95:5)
    at runNextTicks (node:internal/process/task_queues:64:3)
    at process.processImmediate (node:internal/timers:449:9)
2024-08-27T15:20 | undefined | Cast to ObjectId failed for value "" (type string) at path "_id" for model "Sections"
		CastError: Cast to ObjectId failed for value "" (type string) at path "_id" for model "Sections"
    at model.Query.exec (D:\Devansh\Live Projects\Denso_PM_BM\denso_pm_bm\server\node_modules\mongoose\lib\query.js:4913:21)
    at Query.then (D:\Devansh\Live Projects\Denso_PM_BM\denso_pm_bm\server\node_modules\mongoose\lib\query.js:5012:15)
    at process.processTicksAndRejections (node:internal/process/task_queues:95:5)
2024-08-27T15:22 | undefined | Cast to ObjectId failed for value "" (type string) at path "_id" for model "Sections"
		CastError: Cast to ObjectId failed for value "" (type string) at path "_id" for model "Sections"
    at model.Query.exec (D:\Devansh\Live Projects\Denso_PM_BM\denso_pm_bm\server\node_modules\mongoose\lib\query.js:4913:21)
    at Query.then (D:\Devansh\Live Projects\Denso_PM_BM\denso_pm_bm\server\node_modules\mongoose\lib\query.js:5012:15)
    at process.processTicksAndRejections (node:internal/process/task_queues:95:5)
2024-08-27T15:30 | undefined | Cast to ObjectId failed for value "undefined" (type string) at path "_id" for model "SubSections"
		CastError: Cast to ObjectId failed for value "undefined" (type string) at path "_id" for model "SubSections"
    at model.Query.exec (D:\Devansh\Live Projects\Denso_PM_BM\denso_pm_bm\server\node_modules\mongoose\lib\query.js:4913:21)
    at Query.then (D:\Devansh\Live Projects\Denso_PM_BM\denso_pm_bm\server\node_modules\mongoose\lib\query.js:5012:15)
    at process.processTicksAndRejections (node:internal/process/task_queues:95:5)
2024-08-27T15:30 | undefined | Cast to ObjectId failed for value "undefined" (type string) at path "_id" for model "SubSections"
		CastError: Cast to ObjectId failed for value "undefined" (type string) at path "_id" for model "SubSections"
    at model.Query.exec (D:\Devansh\Live Projects\Denso_PM_BM\denso_pm_bm\server\node_modules\mongoose\lib\query.js:4913:21)
    at Query.then (D:\Devansh\Live Projects\Denso_PM_BM\denso_pm_bm\server\node_modules\mongoose\lib\query.js:5012:15)
    at process.processTicksAndRejections (node:internal/process/task_queues:95:5)
2024-08-27T15:30 | undefined | Cast to ObjectId failed for value "undefined" (type string) at path "_id" for model "SubSections"
		CastError: Cast to ObjectId failed for value "undefined" (type string) at path "_id" for model "SubSections"
    at model.Query.exec (D:\Devansh\Live Projects\Denso_PM_BM\denso_pm_bm\server\node_modules\mongoose\lib\query.js:4913:21)
    at Query.then (D:\Devansh\Live Projects\Denso_PM_BM\denso_pm_bm\server\node_modules\mongoose\lib\query.js:5012:15)
    at process.processTicksAndRejections (node:internal/process/task_queues:95:5)
2024-08-27T15:31 | undefined | Cast to ObjectId failed for value "undefined" (type string) at path "_id" for model "SubSections"
		CastError: Cast to ObjectId failed for value "undefined" (type string) at path "_id" for model "SubSections"
    at model.Query.exec (D:\Devansh\Live Projects\Denso_PM_BM\denso_pm_bm\server\node_modules\mongoose\lib\query.js:4913:21)
    at Query.then (D:\Devansh\Live Projects\Denso_PM_BM\denso_pm_bm\server\node_modules\mongoose\lib\query.js:5012:15)
    at process.processTicksAndRejections (node:internal/process/task_queues:95:5)
2024-08-27T15:31 | undefined | Cast to ObjectId failed for value "undefined" (type string) at path "_id" for model "SubSections"
		CastError: Cast to ObjectId failed for value "undefined" (type string) at path "_id" for model "SubSections"
    at model.Query.exec (D:\Devansh\Live Projects\Denso_PM_BM\denso_pm_bm\server\node_modules\mongoose\lib\query.js:4913:21)
    at Query.then (D:\Devansh\Live Projects\Denso_PM_BM\denso_pm_bm\server\node_modules\mongoose\lib\query.js:5012:15)
    at process.processTicksAndRejections (node:internal/process/task_queues:95:5)
2024-08-27T15:33 | undefined | Cast to ObjectId failed for value "null" (type string) at path "_id" for model "SubSections"
		CastError: Cast to ObjectId failed for value "null" (type string) at path "_id" for model "SubSections"
    at model.Query.exec (D:\Devansh\Live Projects\Denso_PM_BM\denso_pm_bm\server\node_modules\mongoose\lib\query.js:4913:21)
    at Query.then (D:\Devansh\Live Projects\Denso_PM_BM\denso_pm_bm\server\node_modules\mongoose\lib\query.js:5012:15)
    at process.processTicksAndRejections (node:internal/process/task_queues:95:5)
2024-08-27T15:34 | undefined | Cast to ObjectId failed for value "null" (type string) at path "_id" for model "SubSections"
		CastError: Cast to ObjectId failed for value "null" (type string) at path "_id" for model "SubSections"
    at model.Query.exec (D:\Devansh\Live Projects\Denso_PM_BM\denso_pm_bm\server\node_modules\mongoose\lib\query.js:4913:21)
    at Query.then (D:\Devansh\Live Projects\Denso_PM_BM\denso_pm_bm\server\node_modules\mongoose\lib\query.js:5012:15)
    at process.processTicksAndRejections (node:internal/process/task_queues:95:5)
2024-08-27T15:34 | undefined | Cast to ObjectId failed for value "null" (type string) at path "_id" for model "SubSections"
		CastError: Cast to ObjectId failed for value "null" (type string) at path "_id" for model "SubSections"
    at model.Query.exec (D:\Devansh\Live Projects\Denso_PM_BM\denso_pm_bm\server\node_modules\mongoose\lib\query.js:4913:21)
    at Query.then (D:\Devansh\Live Projects\Denso_PM_BM\denso_pm_bm\server\node_modules\mongoose\lib\query.js:5012:15)
    at process.processTicksAndRejections (node:internal/process/task_queues:95:5)
2024-08-27T15:34 | undefined | Cast to ObjectId failed for value "null" (type string) at path "_id" for model "SubSections"
		CastError: Cast to ObjectId failed for value "null" (type string) at path "_id" for model "SubSections"
    at model.Query.exec (D:\Devansh\Live Projects\Denso_PM_BM\denso_pm_bm\server\node_modules\mongoose\lib\query.js:4913:21)
    at Query.then (D:\Devansh\Live Projects\Denso_PM_BM\denso_pm_bm\server\node_modules\mongoose\lib\query.js:5012:15)
    at process.processTicksAndRejections (node:internal/process/task_queues:95:5)
2024-08-27T15:35 | undefined | Cast to ObjectId failed for value "null" (type string) at path "_id" for model "SubSections"
		CastError: Cast to ObjectId failed for value "null" (type string) at path "_id" for model "SubSections"
    at model.Query.exec (D:\Devansh\Live Projects\Denso_PM_BM\denso_pm_bm\server\node_modules\mongoose\lib\query.js:4913:21)
    at Query.then (D:\Devansh\Live Projects\Denso_PM_BM\denso_pm_bm\server\node_modules\mongoose\lib\query.js:5012:15)
    at process.processTicksAndRejections (node:internal/process/task_queues:95:5)
2024-08-27T15:35 | undefined | Cast to ObjectId failed for value "null" (type string) at path "_id" for model "SubSections"
		CastError: Cast to ObjectId failed for value "null" (type string) at path "_id" for model "SubSections"
    at model.Query.exec (D:\Devansh\Live Projects\Denso_PM_BM\denso_pm_bm\server\node_modules\mongoose\lib\query.js:4913:21)
    at Query.then (D:\Devansh\Live Projects\Denso_PM_BM\denso_pm_bm\server\node_modules\mongoose\lib\query.js:5012:15)
    at process.processTicksAndRejections (node:internal/process/task_queues:95:5)
2024-08-27T15:35 | undefined | Cast to ObjectId failed for value "null" (type string) at path "_id" for model "SubSections"
		CastError: Cast to ObjectId failed for value "null" (type string) at path "_id" for model "SubSections"
    at model.Query.exec (D:\Devansh\Live Projects\Denso_PM_BM\denso_pm_bm\server\node_modules\mongoose\lib\query.js:4913:21)
    at Query.then (D:\Devansh\Live Projects\Denso_PM_BM\denso_pm_bm\server\node_modules\mongoose\lib\query.js:5012:15)
    at process.processTicksAndRejections (node:internal/process/task_queues:95:5)
2024-08-27T15:35 | undefined | Cast to ObjectId failed for value "null" (type string) at path "_id" for model "SubSections"
		CastError: Cast to ObjectId failed for value "null" (type string) at path "_id" for model "SubSections"
    at model.Query.exec (D:\Devansh\Live Projects\Denso_PM_BM\denso_pm_bm\server\node_modules\mongoose\lib\query.js:4913:21)
    at Query.then (D:\Devansh\Live Projects\Denso_PM_BM\denso_pm_bm\server\node_modules\mongoose\lib\query.js:5012:15)
    at process.processTicksAndRejections (node:internal/process/task_queues:95:5)
2024-08-27T15:36 | undefined | Cast to ObjectId failed for value "undefined" (type string) at path "_id" for model "Sections"
		CastError: Cast to ObjectId failed for value "undefined" (type string) at path "_id" for model "Sections"
    at model.Query.exec (D:\Devansh\Live Projects\Denso_PM_BM\denso_pm_bm\server\node_modules\mongoose\lib\query.js:4913:21)
    at Query.then (D:\Devansh\Live Projects\Denso_PM_BM\denso_pm_bm\server\node_modules\mongoose\lib\query.js:5012:15)
    at process.processTicksAndRejections (node:internal/process/task_queues:95:5)
2024-08-27T15:37 | undefined | Cast to ObjectId failed for value "undefined" (type string) at path "_id" for model "Sections"
		CastError: Cast to ObjectId failed for value "undefined" (type string) at path "_id" for model "Sections"
    at model.Query.exec (D:\Devansh\Live Projects\Denso_PM_BM\denso_pm_bm\server\node_modules\mongoose\lib\query.js:4913:21)
    at Query.then (D:\Devansh\Live Projects\Denso_PM_BM\denso_pm_bm\server\node_modules\mongoose\lib\query.js:5012:15)
    at process.processTicksAndRejections (node:internal/process/task_queues:95:5)
2024-08-27T15:37 | undefined | Cast to ObjectId failed for value "undefined" (type string) at path "_id" for model "Sections"
		CastError: Cast to ObjectId failed for value "undefined" (type string) at path "_id" for model "Sections"
    at model.Query.exec (D:\Devansh\Live Projects\Denso_PM_BM\denso_pm_bm\server\node_modules\mongoose\lib\query.js:4913:21)
    at Query.then (D:\Devansh\Live Projects\Denso_PM_BM\denso_pm_bm\server\node_modules\mongoose\lib\query.js:5012:15)
    at process.processTicksAndRejections (node:internal/process/task_queues:95:5)
2024-08-27T15:37 | undefined | Cast to ObjectId failed for value "undefined" (type string) at path "_id" for model "Sections"
		CastError: Cast to ObjectId failed for value "undefined" (type string) at path "_id" for model "Sections"
    at model.Query.exec (D:\Devansh\Live Projects\Denso_PM_BM\denso_pm_bm\server\node_modules\mongoose\lib\query.js:4913:21)
    at Query.then (D:\Devansh\Live Projects\Denso_PM_BM\denso_pm_bm\server\node_modules\mongoose\lib\query.js:5012:15)
    at process.processTicksAndRejections (node:internal/process/task_queues:95:5)
2024-08-27T15:51 | undefined | Cast to ObjectId failed for value "" (type string) at path "_id" for model "Sections"
		CastError: Cast to ObjectId failed for value "" (type string) at path "_id" for model "Sections"
    at model.Query.exec (D:\Devansh\Live Projects\Denso_PM_BM\denso_pm_bm\server\node_modules\mongoose\lib\query.js:4913:21)
    at Query.then (D:\Devansh\Live Projects\Denso_PM_BM\denso_pm_bm\server\node_modules\mongoose\lib\query.js:5012:15)
    at processTicksAndRejections (node:internal/process/task_queues:95:5)
    at runNextTicks (node:internal/process/task_queues:64:3)
    at process.processImmediate (node:internal/timers:449:9)
2024-08-27T15:55 | undefined | Cast to ObjectId failed for value "undefined" (type string) at path "_id" for model "Sections"
		CastError: Cast to ObjectId failed for value "undefined" (type string) at path "_id" for model "Sections"
    at model.Query.exec (D:\Devansh\Live Projects\Denso_PM_BM\denso_pm_bm\server\node_modules\mongoose\lib\query.js:4913:21)
    at Query.then (D:\Devansh\Live Projects\Denso_PM_BM\denso_pm_bm\server\node_modules\mongoose\lib\query.js:5012:15)
    at process.processTicksAndRejections (node:internal/process/task_queues:95:5)
2024-08-27T15:55 | undefined | Cast to ObjectId failed for value "undefined" (type string) at path "_id" for model "Sections"
		CastError: Cast to ObjectId failed for value "undefined" (type string) at path "_id" for model "Sections"
    at model.Query.exec (D:\Devansh\Live Projects\Denso_PM_BM\denso_pm_bm\server\node_modules\mongoose\lib\query.js:4913:21)
    at Query.then (D:\Devansh\Live Projects\Denso_PM_BM\denso_pm_bm\server\node_modules\mongoose\lib\query.js:5012:15)
    at process.processTicksAndRejections (node:internal/process/task_queues:95:5)
2024-08-27T15:56 | undefined | Cast to ObjectId failed for value "undefined" (type string) at path "_id" for model "Sections"
		CastError: Cast to ObjectId failed for value "undefined" (type string) at path "_id" for model "Sections"
    at model.Query.exec (D:\Devansh\Live Projects\Denso_PM_BM\denso_pm_bm\server\node_modules\mongoose\lib\query.js:4913:21)
    at Query.then (D:\Devansh\Live Projects\Denso_PM_BM\denso_pm_bm\server\node_modules\mongoose\lib\query.js:5012:15)
    at processTicksAndRejections (node:internal/process/task_queues:95:5)
    at runNextTicks (node:internal/process/task_queues:64:3)
    at process.processImmediate (node:internal/timers:449:9)
2024-08-27T15:56 | undefined | Cast to ObjectId failed for value "undefined" (type string) at path "_id" for model "Sections"
		CastError: Cast to ObjectId failed for value "undefined" (type string) at path "_id" for model "Sections"
    at model.Query.exec (D:\Devansh\Live Projects\Denso_PM_BM\denso_pm_bm\server\node_modules\mongoose\lib\query.js:4913:21)
    at Query.then (D:\Devansh\Live Projects\Denso_PM_BM\denso_pm_bm\server\node_modules\mongoose\lib\query.js:5012:15)
    at process.processTicksAndRejections (node:internal/process/task_queues:95:5)
2024-08-27T15:56 | undefined | Cast to ObjectId failed for value "undefined" (type string) at path "_id" for model "Sections"
		CastError: Cast to ObjectId failed for value "undefined" (type string) at path "_id" for model "Sections"
    at model.Query.exec (D:\Devansh\Live Projects\Denso_PM_BM\denso_pm_bm\server\node_modules\mongoose\lib\query.js:4913:21)
    at Query.then (D:\Devansh\Live Projects\Denso_PM_BM\denso_pm_bm\server\node_modules\mongoose\lib\query.js:5012:15)
    at process.processTicksAndRejections (node:internal/process/task_queues:95:5)
2024-08-27T15:56 | undefined | Cast to ObjectId failed for value "undefined" (type string) at path "_id" for model "Sections"
		CastError: Cast to ObjectId failed for value "undefined" (type string) at path "_id" for model "Sections"
    at model.Query.exec (D:\Devansh\Live Projects\Denso_PM_BM\denso_pm_bm\server\node_modules\mongoose\lib\query.js:4913:21)
    at Query.then (D:\Devansh\Live Projects\Denso_PM_BM\denso_pm_bm\server\node_modules\mongoose\lib\query.js:5012:15)
    at processTicksAndRejections (node:internal/process/task_queues:95:5)
    at runNextTicks (node:internal/process/task_queues:64:3)
    at process.processImmediate (node:internal/timers:449:9)
2024-08-27T15:56 | undefined | Cast to ObjectId failed for value "undefined" (type string) at path "_id" for model "Sections"
		CastError: Cast to ObjectId failed for value "undefined" (type string) at path "_id" for model "Sections"
    at model.Query.exec (D:\Devansh\Live Projects\Denso_PM_BM\denso_pm_bm\server\node_modules\mongoose\lib\query.js:4913:21)
    at Query.then (D:\Devansh\Live Projects\Denso_PM_BM\denso_pm_bm\server\node_modules\mongoose\lib\query.js:5012:15)
    at process.processTicksAndRejections (node:internal/process/task_queues:95:5)
2024-08-27T15:56 | undefined | Cast to ObjectId failed for value "undefined" (type string) at path "_id" for model "Sections"
		CastError: Cast to ObjectId failed for value "undefined" (type string) at path "_id" for model "Sections"
    at model.Query.exec (D:\Devansh\Live Projects\Denso_PM_BM\denso_pm_bm\server\node_modules\mongoose\lib\query.js:4913:21)
    at Query.then (D:\Devansh\Live Projects\Denso_PM_BM\denso_pm_bm\server\node_modules\mongoose\lib\query.js:5012:15)
    at process.processTicksAndRejections (node:internal/process/task_queues:95:5)
2024-08-27T15:57 | undefined | Cast to ObjectId failed for value "undefined" (type string) at path "_id" for model "Sections"
		CastError: Cast to ObjectId failed for value "undefined" (type string) at path "_id" for model "Sections"
    at model.Query.exec (D:\Devansh\Live Projects\Denso_PM_BM\denso_pm_bm\server\node_modules\mongoose\lib\query.js:4913:21)
    at Query.then (D:\Devansh\Live Projects\Denso_PM_BM\denso_pm_bm\server\node_modules\mongoose\lib\query.js:5012:15)
    at process.processTicksAndRejections (node:internal/process/task_queues:95:5)
2024-08-27T15:57 | undefined | Cast to ObjectId failed for value "undefined" (type string) at path "_id" for model "Sections"
		CastError: Cast to ObjectId failed for value "undefined" (type string) at path "_id" for model "Sections"
    at model.Query.exec (D:\Devansh\Live Projects\Denso_PM_BM\denso_pm_bm\server\node_modules\mongoose\lib\query.js:4913:21)
    at Query.then (D:\Devansh\Live Projects\Denso_PM_BM\denso_pm_bm\server\node_modules\mongoose\lib\query.js:5012:15)
    at process.processTicksAndRejections (node:internal/process/task_queues:95:5)
2024-08-27T16:03 | BM | Cannot read properties of undefined (reading 'data')
		TypeError: Cannot read properties of undefined (reading 'data')
    at cellMonthlyBdTrendForSectionMiddleware (D:\Devansh\Live Projects\Denso_PM_BM\denso_pm_bm\server\controller\bmController.js:9905:36)
    at process.processTicksAndRejections (node:internal/process/task_queues:95:5)
2024-08-27T16:19 | BM | Cannot read properties of undefined (reading 'toString')
		TypeError: Cannot read properties of undefined (reading 'toString')
    at D:\Devansh\Live Projects\Denso_PM_BM\denso_pm_bm\server\controller\bmController.js:11057:35
    at Layer.handle [as handle_request] (D:\Devansh\Live Projects\Denso_PM_BM\denso_pm_bm\server\node_modules\express\lib\router\layer.js:95:5)
    at next (D:\Devansh\Live Projects\Denso_PM_BM\denso_pm_bm\server\node_modules\express\lib\router\route.js:144:13)
    at filterForMonthlyData (D:\Devansh\Live Projects\Denso_PM_BM\denso_pm_bm\server\controller\bmController.js:10467:5)
    at Layer.handle [as handle_request] (D:\Devansh\Live Projects\Denso_PM_BM\denso_pm_bm\server\node_modules\express\lib\router\layer.js:95:5)
    at next (D:\Devansh\Live Projects\Denso_PM_BM\denso_pm_bm\server\node_modules\express\lib\router\route.js:144:13)
    at yearlyTargetMiddlewareForMBD (D:\Devansh\Live Projects\Denso_PM_BM\denso_pm_bm\server\controller\bmController.js:10761:5)
    at process.processTicksAndRejections (node:internal/process/task_queues:95:5)
2024-08-27T16:19 | BM | Cannot read properties of undefined (reading 'data')
		TypeError: Cannot read properties of undefined (reading 'data')
    at sectionMonthlyBdTrendForPlantMiddleware (D:\Devansh\Live Projects\Denso_PM_BM\denso_pm_bm\server\controller\bmController.js:9672:36)
    at process.processTicksAndRejections (node:internal/process/task_queues:95:5)
2024-08-27T16:23 | BM | Cannot read properties of undefined (reading 'toString')
		TypeError: Cannot read properties of undefined (reading 'toString')
    at D:\Devansh\Live Projects\Denso_PM_BM\denso_pm_bm\server\controller\bmController.js:11057:35
    at Layer.handle [as handle_request] (D:\Devansh\Live Projects\Denso_PM_BM\denso_pm_bm\server\node_modules\express\lib\router\layer.js:95:5)
    at next (D:\Devansh\Live Projects\Denso_PM_BM\denso_pm_bm\server\node_modules\express\lib\router\route.js:144:13)
    at filterForMonthlyData (D:\Devansh\Live Projects\Denso_PM_BM\denso_pm_bm\server\controller\bmController.js:10467:5)
    at Layer.handle [as handle_request] (D:\Devansh\Live Projects\Denso_PM_BM\denso_pm_bm\server\node_modules\express\lib\router\layer.js:95:5)
    at next (D:\Devansh\Live Projects\Denso_PM_BM\denso_pm_bm\server\node_modules\express\lib\router\route.js:144:13)
    at yearlyTargetMiddlewareForMBD (D:\Devansh\Live Projects\Denso_PM_BM\denso_pm_bm\server\controller\bmController.js:10761:5)
    at process.processTicksAndRejections (node:internal/process/task_queues:95:5)
2024-08-27T16:23 | BM | Cannot read properties of undefined (reading 'data')
		TypeError: Cannot read properties of undefined (reading 'data')
    at sectionMonthlyBdTrendForPlantMiddleware (D:\Devansh\Live Projects\Denso_PM_BM\denso_pm_bm\server\controller\bmController.js:9672:36)
    at process.processTicksAndRejections (node:internal/process/task_queues:95:5)
2024-08-27T16:28 | BM | Cannot read properties of undefined (reading 'toString')
		TypeError: Cannot read properties of undefined (reading 'toString')
    at D:\Devansh\Live Projects\Denso_PM_BM\denso_pm_bm\server\controller\bmController.js:11057:35
    at Layer.handle [as handle_request] (D:\Devansh\Live Projects\Denso_PM_BM\denso_pm_bm\server\node_modules\express\lib\router\layer.js:95:5)
    at next (D:\Devansh\Live Projects\Denso_PM_BM\denso_pm_bm\server\node_modules\express\lib\router\route.js:144:13)
    at filterForMonthlyData (D:\Devansh\Live Projects\Denso_PM_BM\denso_pm_bm\server\controller\bmController.js:10467:5)
    at Layer.handle [as handle_request] (D:\Devansh\Live Projects\Denso_PM_BM\denso_pm_bm\server\node_modules\express\lib\router\layer.js:95:5)
    at next (D:\Devansh\Live Projects\Denso_PM_BM\denso_pm_bm\server\node_modules\express\lib\router\route.js:144:13)
    at yearlyTargetMiddlewareForMBD (D:\Devansh\Live Projects\Denso_PM_BM\denso_pm_bm\server\controller\bmController.js:10761:5)
    at process.processTicksAndRejections (node:internal/process/task_queues:95:5)
2024-08-27T16:28 | BM | Cannot read properties of undefined (reading 'data')
		TypeError: Cannot read properties of undefined (reading 'data')
    at sectionMonthlyBdTrendForPlantMiddleware (D:\Devansh\Live Projects\Denso_PM_BM\denso_pm_bm\server\controller\bmController.js:9672:36)
    at process.processTicksAndRejections (node:internal/process/task_queues:95:5)
2024-08-27T16:32 | BM | Cannot read properties of undefined (reading 'toString')
		TypeError: Cannot read properties of undefined (reading 'toString')
    at D:\Devansh\Live Projects\Denso_PM_BM\denso_pm_bm\server\controller\bmController.js:11057:35
    at Layer.handle [as handle_request] (D:\Devansh\Live Projects\Denso_PM_BM\denso_pm_bm\server\node_modules\express\lib\router\layer.js:95:5)
    at next (D:\Devansh\Live Projects\Denso_PM_BM\denso_pm_bm\server\node_modules\express\lib\router\route.js:144:13)
    at filterForMonthlyData (D:\Devansh\Live Projects\Denso_PM_BM\denso_pm_bm\server\controller\bmController.js:10467:5)
    at Layer.handle [as handle_request] (D:\Devansh\Live Projects\Denso_PM_BM\denso_pm_bm\server\node_modules\express\lib\router\layer.js:95:5)
    at next (D:\Devansh\Live Projects\Denso_PM_BM\denso_pm_bm\server\node_modules\express\lib\router\route.js:144:13)
    at yearlyTargetMiddlewareForMBD (D:\Devansh\Live Projects\Denso_PM_BM\denso_pm_bm\server\controller\bmController.js:10761:5)
    at process.processTicksAndRejections (node:internal/process/task_queues:95:5)
2024-08-27T16:32 | BM | Cannot read properties of undefined (reading 'data')
		TypeError: Cannot read properties of undefined (reading 'data')
    at sectionMonthlyBdTrendForPlantMiddleware (D:\Devansh\Live Projects\Denso_PM_BM\denso_pm_bm\server\controller\bmController.js:9672:36)
    at process.processTicksAndRejections (node:internal/process/task_queues:95:5)
2024-08-27T16:32 | BM | Cannot read properties of undefined (reading 'toString')
		TypeError: Cannot read properties of undefined (reading 'toString')
    at D:\Devansh\Live Projects\Denso_PM_BM\denso_pm_bm\server\controller\bmController.js:11057:35
    at Layer.handle [as handle_request] (D:\Devansh\Live Projects\Denso_PM_BM\denso_pm_bm\server\node_modules\express\lib\router\layer.js:95:5)
    at next (D:\Devansh\Live Projects\Denso_PM_BM\denso_pm_bm\server\node_modules\express\lib\router\route.js:144:13)
    at filterForMonthlyData (D:\Devansh\Live Projects\Denso_PM_BM\denso_pm_bm\server\controller\bmController.js:10467:5)
    at Layer.handle [as handle_request] (D:\Devansh\Live Projects\Denso_PM_BM\denso_pm_bm\server\node_modules\express\lib\router\layer.js:95:5)
    at next (D:\Devansh\Live Projects\Denso_PM_BM\denso_pm_bm\server\node_modules\express\lib\router\route.js:144:13)
    at yearlyTargetMiddlewareForMBD (D:\Devansh\Live Projects\Denso_PM_BM\denso_pm_bm\server\controller\bmController.js:10761:5)
    at process.processTicksAndRejections (node:internal/process/task_queues:95:5)
2024-08-27T16:32 | BM | Cannot read properties of undefined (reading 'data')
		TypeError: Cannot read properties of undefined (reading 'data')
    at sectionMonthlyBdTrendForPlantMiddleware (D:\Devansh\Live Projects\Denso_PM_BM\denso_pm_bm\server\controller\bmController.js:9672:36)
    at process.processTicksAndRejections (node:internal/process/task_queues:95:5)
